// Jest Snapshot v1, https://goo.gl/fbAQLP

exports[`search-body deduplicates room search combined results matches snapshot 1`] = `
<div
  class="search-body-root"
>
  <h2
    class="search-body-title"
  >
    Search
  </h2>
   
  <div
    class="search-input-wrapper"
  >
    <input
      class="search-input"
      placeholder="What are you looking for?"
    />
  </div>
   
  <ul
    class="syntax-list"
  >
    <li
      class="syntax-list-item"
    >
      <code>
        from:username
      </code>
    </li>
     
    <li
      class="syntax-list-item"
    >
      <code>
        text:@username
      </code>
    </li>
     
    <li
      class="syntax-list-item"
    >
      <code>
        sent:[2020-06-08 TO 2020-06-09]
      </code>
    </li>
     
    <li
      class="syntax-list-item"
    >
      <code>
        sent:[2020-06-09T16:17-03:00 TO 2020-06-09T16:21-03:00]
      </code>
    </li>
     
    <li
      class="syntax-list-item"
    >
      <code>
        text:@(username1 OR username2)
      </code>
       
      <br />
       
      <code>
        text:@(username1 AND username2)
      </code>
    </li>
  </ul>
   
  <h2
    class="search-body-title"
  >
    
    Rooms & People
    
    <!---->
  </h2>
   
  <ul
    class="room-search-list"
  >
    <list-item-stub
      item="[object Object]"
      type="all"
    />
  </ul>
   
  <!---->
   
  <!---->
   
  <!---->
   
  <h2
    class="search-body-title"
  >
    
    Chat messages
    
    <!---->
  </h2>
   
  <div
    class="search-result-empty-message"
  >
    
    No message search results...
  
  </div>
</div>
`;

exports[`search-body matches snapshot 1`] = `
<div
  class="search-body-root"
>
  <h2
    class="search-body-title"
  >
    Search
  </h2>
   
  <div
    class="search-input-wrapper"
  >
    <input
      class="search-input"
      placeholder="What are you looking for?"
    />
  </div>
   
  <ul
    class="syntax-list"
  >
    <li
      class="syntax-list-item"
    >
      <code>
        from:username
      </code>
    </li>
     
    <li
      class="syntax-list-item"
    >
      <code>
        text:@username
      </code>
    </li>
     
    <li
      class="syntax-list-item"
    >
      <code>
        sent:[2020-06-08 TO 2020-06-09]
      </code>
    </li>
     
    <li
      class="syntax-list-item"
    >
      <code>
        sent:[2020-06-09T16:17-03:00 TO 2020-06-09T16:21-03:00]
      </code>
    </li>
     
    <li
      class="syntax-list-item"
    >
      <code>
        text:@(username1 OR username2)
      </code>
       
      <br />
       
      <code>
        text:@(username1 AND username2)
      </code>
    </li>
  </ul>
   
  <h2
    class="search-body-title"
  >
    
    Rooms & People
    
    <!---->
  </h2>
   
  <div
    class="search-result-empty-message"
  >
    
    No room search results...
  
  </div>
   
  <!---->
   
  <!---->
   
  <!---->
   
  <h2
    class="search-body-title"
  >
    
    Chat messages
    
    <!---->
  </h2>
   
  <div
    class="search-result-empty-message"
  >
    
    No message search results...
  
  </div>
</div>
`;

exports[`search-body message search error matches snapshot 1`] = `
<div
  class="search-body-root"
>
  <h2
    class="search-body-title"
  >
    Search
  </h2>
   
  <div
    class="search-input-wrapper"
  >
    <input
      class="search-input"
      placeholder="What are you looking for?"
    />
  </div>
   
  <ul
    class="syntax-list"
  >
    <li
      class="syntax-list-item"
    >
      <code>
        from:username
      </code>
    </li>
     
    <li
      class="syntax-list-item"
    >
      <code>
        text:@username
      </code>
    </li>
     
    <li
      class="syntax-list-item"
    >
      <code>
        sent:[2020-06-08 TO 2020-06-09]
      </code>
    </li>
     
    <li
      class="syntax-list-item"
    >
      <code>
        sent:[2020-06-09T16:17-03:00 TO 2020-06-09T16:21-03:00]
      </code>
    </li>
     
    <li
      class="syntax-list-item"
    >
      <code>
        text:@(username1 OR username2)
      </code>
       
      <br />
       
      <code>
        text:@(username1 AND username2)
      </code>
    </li>
  </ul>
   
  <h2
    class="search-body-title"
  >
    
    Rooms & People
    
    <!---->
  </h2>
   
  <div
    class="search-result-empty-message"
  >
    
    No room search results...
  
  </div>
   
  <!---->
   
  <!---->
   
  <!---->
   
  <h2
    class="search-body-title"
  >
    
    Chat messages
    
    <!---->
  </h2>
   
  <div
    class="search-result-error-message"
  >
    
    Error fetching messages
  
  </div>
</div>
`;

exports[`search-body message search loading matches snapshot 1`] = `
<div
  class="search-body-root"
>
  <h2
    class="search-body-title"
  >
    Search
  </h2>
   
  <div
    class="search-input-wrapper"
  >
    <input
      class="search-input"
      placeholder="What are you looking for?"
    />
  </div>
   
  <ul
    class="syntax-list"
  >
    <li
      class="syntax-list-item"
    >
      <code>
        from:username
      </code>
    </li>
     
    <li
      class="syntax-list-item"
    >
      <code>
        text:@username
      </code>
    </li>
     
    <li
      class="syntax-list-item"
    >
      <code>
        sent:[2020-06-08 TO 2020-06-09]
      </code>
    </li>
     
    <li
      class="syntax-list-item"
    >
      <code>
        sent:[2020-06-09T16:17-03:00 TO 2020-06-09T16:21-03:00]
      </code>
    </li>
     
    <li
      class="syntax-list-item"
    >
      <code>
        text:@(username1 OR username2)
      </code>
       
      <br />
       
      <code>
        text:@(username1 AND username2)
      </code>
    </li>
  </ul>
   
  <h2
    class="search-body-title"
  >
    
    Rooms & People
    
    <!---->
  </h2>
   
  <div
    class="search-result-empty-message"
  >
    
    No room search results...
  
  </div>
   
  <!---->
   
  <!---->
   
  <!---->
   
  <h2
    class="search-body-title"
  >
    
    Chat messages
    
    <loading-spinner-stub />
  </h2>
   
  <div
    class="search-result-empty-message"
  >
    
    No message search results...
  
  </div>
</div>
`;

exports[`search-body message search results matches snapshot 1`] = `
<div
  class="search-body-root"
>
  <h2
    class="search-body-title"
  >
    Search
  </h2>
   
  <div
    class="search-input-wrapper"
  >
    <input
      class="search-input"
      placeholder="What are you looking for?"
    />
  </div>
   
  <ul
    class="syntax-list"
  >
    <li
      class="syntax-list-item"
    >
      <code>
        from:username
      </code>
    </li>
     
    <li
      class="syntax-list-item"
    >
      <code>
        text:@username
      </code>
    </li>
     
    <li
      class="syntax-list-item"
    >
      <code>
        sent:[2020-06-08 TO 2020-06-09]
      </code>
    </li>
     
    <li
      class="syntax-list-item"
    >
      <code>
        sent:[2020-06-09T16:17-03:00 TO 2020-06-09T16:21-03:00]
      </code>
    </li>
     
    <li
      class="syntax-list-item"
    >
      <code>
        text:@(username1 OR username2)
      </code>
       
      <br />
       
      <code>
        text:@(username1 AND username2)
      </code>
    </li>
  </ul>
   
  <h2
    class="search-body-title"
  >
    
    Rooms & People
    
    <!---->
  </h2>
   
  <div
    class="search-result-empty-message"
  >
    
    No room search results...
  
  </div>
   
  <!---->
   
  <!---->
   
  <!---->
   
  <h2
    class="search-body-title"
  >
    
    Chat messages
    
    <!---->
  </h2>
   
  <ul
    class="message-search-list"
  >
    <search-body-message-result-item-stub
      messagesearchresult="[object Object]"
    />
    <search-body-message-result-item-stub
      messagesearchresult="[object Object]"
    />
  </ul>
</div>
`;

exports[`search-body room search combined results matches snapshot 1`] = `
<div
  class="search-body-root"
>
  <h2
    class="search-body-title"
  >
    Search
  </h2>
   
  <div
    class="search-input-wrapper"
  >
    <input
      class="search-input"
      placeholder="What are you looking for?"
    />
  </div>
   
  <ul
    class="syntax-list"
  >
    <li
      class="syntax-list-item"
    >
      <code>
        from:username
      </code>
    </li>
     
    <li
      class="syntax-list-item"
    >
      <code>
        text:@username
      </code>
    </li>
     
    <li
      class="syntax-list-item"
    >
      <code>
        sent:[2020-06-08 TO 2020-06-09]
      </code>
    </li>
     
    <li
      class="syntax-list-item"
    >
      <code>
        sent:[2020-06-09T16:17-03:00 TO 2020-06-09T16:21-03:00]
      </code>
    </li>
     
    <li
      class="syntax-list-item"
    >
      <code>
        text:@(username1 OR username2)
      </code>
       
      <br />
       
      <code>
        text:@(username1 AND username2)
      </code>
    </li>
  </ul>
   
  <h2
    class="search-body-title"
  >
    
    Rooms & People
    
    <!---->
  </h2>
   
  <ul
    class="room-search-list"
  >
    <list-item-stub
      item="[object Object]"
      type="all"
    />
    <list-item-stub
      item="[object Object]"
      type="all"
    />
    <list-item-stub
      item="[object Object]"
      type="all"
    />
  </ul>
   
  <!---->
   
  <!---->
   
  <!---->
   
  <h2
    class="search-body-title"
  >
    
    Chat messages
    
    <!---->
  </h2>
   
  <div
    class="search-result-empty-message"
  >
    
    No message search results...
  
  </div>
</div>
`;

exports[`search-body room search people error matches snapshot 1`] = `
<div
  class="search-body-root"
>
  <h2
    class="search-body-title"
  >
    Search
  </h2>
   
  <div
    class="search-input-wrapper"
  >
    <input
      class="search-input"
      placeholder="What are you looking for?"
    />
  </div>
   
  <ul
    class="syntax-list"
  >
    <li
      class="syntax-list-item"
    >
      <code>
        from:username
      </code>
    </li>
     
    <li
      class="syntax-list-item"
    >
      <code>
        text:@username
      </code>
    </li>
     
    <li
      class="syntax-list-item"
    >
      <code>
        sent:[2020-06-08 TO 2020-06-09]
      </code>
    </li>
     
    <li
      class="syntax-list-item"
    >
      <code>
        sent:[2020-06-09T16:17-03:00 TO 2020-06-09T16:21-03:00]
      </code>
    </li>
     
    <li
      class="syntax-list-item"
    >
      <code>
        text:@(username1 OR username2)
      </code>
       
      <br />
       
      <code>
        text:@(username1 AND username2)
      </code>
    </li>
  </ul>
   
  <h2
    class="search-body-title"
  >
    
    Rooms & People
    
    <!---->
  </h2>
   
  <div
    class="search-result-empty-message"
  >
    
    No room search results...
  
  </div>
   
  <!---->
   
  <!---->
   
  <div
    class="search-result-error-message"
  >
    
    Error fetching people
  
  </div>
   
  <h2
    class="search-body-title"
  >
    
    Chat messages
    
    <!---->
  </h2>
   
  <div
    class="search-result-empty-message"
  >
    
    No message search results...
  
  </div>
</div>
`;

exports[`search-body room search people loading matches snapshot 1`] = `
<div
  class="search-body-root"
>
  <h2
    class="search-body-title"
  >
    Search
  </h2>
   
  <div
    class="search-input-wrapper"
  >
    <input
      class="search-input"
      placeholder="What are you looking for?"
    />
  </div>
   
  <ul
    class="syntax-list"
  >
    <li
      class="syntax-list-item"
    >
      <code>
        from:username
      </code>
    </li>
     
    <li
      class="syntax-list-item"
    >
      <code>
        text:@username
      </code>
    </li>
     
    <li
      class="syntax-list-item"
    >
      <code>
        sent:[2020-06-08 TO 2020-06-09]
      </code>
    </li>
     
    <li
      class="syntax-list-item"
    >
      <code>
        sent:[2020-06-09T16:17-03:00 TO 2020-06-09T16:21-03:00]
      </code>
    </li>
     
    <li
      class="syntax-list-item"
    >
      <code>
        text:@(username1 OR username2)
      </code>
       
      <br />
       
      <code>
        text:@(username1 AND username2)
      </code>
    </li>
  </ul>
   
  <h2
    class="search-body-title"
  >
    
    Rooms & People
    
    <loading-spinner-stub />
  </h2>
   
  <div
    class="search-result-empty-message"
  >
    
    No room search results...
  
  </div>
   
  <!---->
   
  <!---->
   
  <!---->
   
  <h2
    class="search-body-title"
  >
    
    Chat messages
    
    <!---->
  </h2>
   
  <div
    class="search-result-empty-message"
  >
    
    No message search results...
  
  </div>
</div>
`;

exports[`search-body room search people results matches snapshot 1`] = `
<div
  class="search-body-root"
>
  <h2
    class="search-body-title"
  >
    Search
  </h2>
   
  <div
    class="search-input-wrapper"
  >
    <input
      class="search-input"
      placeholder="What are you looking for?"
    />
  </div>
   
  <ul
    class="syntax-list"
  >
    <li
      class="syntax-list-item"
    >
      <code>
        from:username
      </code>
    </li>
     
    <li
      class="syntax-list-item"
    >
      <code>
        text:@username
      </code>
    </li>
     
    <li
      class="syntax-list-item"
    >
      <code>
        sent:[2020-06-08 TO 2020-06-09]
      </code>
    </li>
     
    <li
      class="syntax-list-item"
    >
      <code>
        sent:[2020-06-09T16:17-03:00 TO 2020-06-09T16:21-03:00]
      </code>
    </li>
     
    <li
      class="syntax-list-item"
    >
      <code>
        text:@(username1 OR username2)
      </code>
       
      <br />
       
      <code>
        text:@(username1 AND username2)
      </code>
    </li>
  </ul>
   
  <h2
    class="search-body-title"
  >
    
    Rooms & People
    
    <!---->
  </h2>
   
  <ul
    class="room-search-list"
  >
    <list-item-stub
      item="[object Object]"
      type="all"
    />
    <list-item-stub
      item="[object Object]"
      type="all"
    />
  </ul>
   
  <!---->
   
  <!---->
   
  <!---->
   
  <h2
    class="search-body-title"
  >
    
    Chat messages
    
    <!---->
  </h2>
   
  <div
    class="search-result-empty-message"
  >
    
    No message search results...
  
  </div>
</div>
`;

exports[`search-body room search repo error matches snapshot 1`] = `
<div
  class="search-body-root"
>
  <h2
    class="search-body-title"
  >
    Search
  </h2>
   
  <div
    class="search-input-wrapper"
  >
    <input
      class="search-input"
      placeholder="What are you looking for?"
    />
  </div>
   
  <ul
    class="syntax-list"
  >
    <li
      class="syntax-list-item"
    >
      <code>
        from:username
      </code>
    </li>
     
    <li
      class="syntax-list-item"
    >
      <code>
        text:@username
      </code>
    </li>
     
    <li
      class="syntax-list-item"
    >
      <code>
        sent:[2020-06-08 TO 2020-06-09]
      </code>
    </li>
     
    <li
      class="syntax-list-item"
    >
      <code>
        sent:[2020-06-09T16:17-03:00 TO 2020-06-09T16:21-03:00]
      </code>
    </li>
     
    <li
      class="syntax-list-item"
    >
      <code>
        text:@(username1 OR username2)
      </code>
       
      <br />
       
      <code>
        text:@(username1 AND username2)
      </code>
    </li>
  </ul>
   
  <h2
    class="search-body-title"
  >
    
    Rooms & People
    
    <!---->
  </h2>
   
  <div
    class="search-result-empty-message"
  >
    
    No room search results...
  
  </div>
   
  <div
    class="search-result-error-message"
  >
    
    Error fetching repos
  
  </div>
   
  <!---->
   
  <!---->
   
  <h2
    class="search-body-title"
  >
    
    Chat messages
    
    <!---->
  </h2>
   
  <div
    class="search-result-empty-message"
  >
    
    No message search results...
  
  </div>
</div>
`;

exports[`search-body room search repo loading matches snapshot 1`] = `
<div
  class="search-body-root"
>
  <h2
    class="search-body-title"
  >
    Search
  </h2>
   
  <div
    class="search-input-wrapper"
  >
    <input
      class="search-input"
      placeholder="What are you looking for?"
    />
  </div>
   
  <ul
    class="syntax-list"
  >
    <li
      class="syntax-list-item"
    >
      <code>
        from:username
      </code>
    </li>
     
    <li
      class="syntax-list-item"
    >
      <code>
        text:@username
      </code>
    </li>
     
    <li
      class="syntax-list-item"
    >
      <code>
        sent:[2020-06-08 TO 2020-06-09]
      </code>
    </li>
     
    <li
      class="syntax-list-item"
    >
      <code>
        sent:[2020-06-09T16:17-03:00 TO 2020-06-09T16:21-03:00]
      </code>
    </li>
     
    <li
      class="syntax-list-item"
    >
      <code>
        text:@(username1 OR username2)
      </code>
       
      <br />
       
      <code>
        text:@(username1 AND username2)
      </code>
    </li>
  </ul>
   
  <h2
    class="search-body-title"
  >
    
    Rooms & People
    
    <loading-spinner-stub />
  </h2>
   
  <div
    class="search-result-empty-message"
  >
    
    No room search results...
  
  </div>
   
  <!---->
   
  <!---->
   
  <!---->
   
  <h2
    class="search-body-title"
  >
    
    Chat messages
    
    <!---->
  </h2>
   
  <div
    class="search-result-empty-message"
  >
    
    No message search results...
  
  </div>
</div>
`;

exports[`search-body room search repo results matches snapshot 1`] = `
<div
  class="search-body-root"
>
  <h2
    class="search-body-title"
  >
    Search
  </h2>
   
  <div
    class="search-input-wrapper"
  >
    <input
      class="search-input"
      placeholder="What are you looking for?"
    />
  </div>
   
  <ul
    class="syntax-list"
  >
    <li
      class="syntax-list-item"
    >
      <code>
        from:username
      </code>
    </li>
     
    <li
      class="syntax-list-item"
    >
      <code>
        text:@username
      </code>
    </li>
     
    <li
      class="syntax-list-item"
    >
      <code>
        sent:[2020-06-08 TO 2020-06-09]
      </code>
    </li>
     
    <li
      class="syntax-list-item"
    >
      <code>
        sent:[2020-06-09T16:17-03:00 TO 2020-06-09T16:21-03:00]
      </code>
    </li>
     
    <li
      class="syntax-list-item"
    >
      <code>
        text:@(username1 OR username2)
      </code>
       
      <br />
       
      <code>
        text:@(username1 AND username2)
      </code>
    </li>
  </ul>
   
  <h2
    class="search-body-title"
  >
    
    Rooms & People
    
    <!---->
  </h2>
   
  <ul
    class="room-search-list"
  >
    <list-item-stub
      item="[object Object]"
      type="all"
    />
    <list-item-stub
      item="[object Object]"
      type="all"
    />
  </ul>
   
  <!---->
   
  <!---->
   
  <!---->
   
  <h2
    class="search-body-title"
  >
    
    Chat messages
    
    <!---->
  </h2>
   
  <div
    class="search-result-empty-message"
  >
    
    No message search results...
  
  </div>
</div>
`;

exports[`search-body room search room error matches snapshot 1`] = `
<div
  class="search-body-root"
>
  <h2
    class="search-body-title"
  >
    Search
  </h2>
   
  <div
    class="search-input-wrapper"
  >
    <input
      class="search-input"
      placeholder="What are you looking for?"
    />
  </div>
   
  <ul
    class="syntax-list"
  >
    <li
      class="syntax-list-item"
    >
      <code>
        from:username
      </code>
    </li>
     
    <li
      class="syntax-list-item"
    >
      <code>
        text:@username
      </code>
    </li>
     
    <li
      class="syntax-list-item"
    >
      <code>
        sent:[2020-06-08 TO 2020-06-09]
      </code>
    </li>
     
    <li
      class="syntax-list-item"
    >
      <code>
        sent:[2020-06-09T16:17-03:00 TO 2020-06-09T16:21-03:00]
      </code>
    </li>
     
    <li
      class="syntax-list-item"
    >
      <code>
        text:@(username1 OR username2)
      </code>
       
      <br />
       
      <code>
        text:@(username1 AND username2)
      </code>
    </li>
  </ul>
   
  <h2
    class="search-body-title"
  >
    
    Rooms & People
    
    <!---->
  </h2>
   
  <div
    class="search-result-empty-message"
  >
    
    No room search results...
  
  </div>
   
  <!---->
   
  <div
    class="search-result-error-message"
  >
    
    Error fetching rooms
  
  </div>
   
  <!---->
   
  <h2
    class="search-body-title"
  >
    
    Chat messages
    
    <!---->
  </h2>
   
  <div
    class="search-result-empty-message"
  >
    
    No message search results...
  
  </div>
</div>
`;

exports[`search-body room search room loading matches snapshot 1`] = `
<div
  class="search-body-root"
>
  <h2
    class="search-body-title"
  >
    Search
  </h2>
   
  <div
    class="search-input-wrapper"
  >
    <input
      class="search-input"
      placeholder="What are you looking for?"
    />
  </div>
   
  <ul
    class="syntax-list"
  >
    <li
      class="syntax-list-item"
    >
      <code>
        from:username
      </code>
    </li>
     
    <li
      class="syntax-list-item"
    >
      <code>
        text:@username
      </code>
    </li>
     
    <li
      class="syntax-list-item"
    >
      <code>
        sent:[2020-06-08 TO 2020-06-09]
      </code>
    </li>
     
    <li
      class="syntax-list-item"
    >
      <code>
        sent:[2020-06-09T16:17-03:00 TO 2020-06-09T16:21-03:00]
      </code>
    </li>
     
    <li
      class="syntax-list-item"
    >
      <code>
        text:@(username1 OR username2)
      </code>
       
      <br />
       
      <code>
        text:@(username1 AND username2)
      </code>
    </li>
  </ul>
   
  <h2
    class="search-body-title"
  >
    
    Rooms & People
    
    <loading-spinner-stub />
  </h2>
   
  <div
    class="search-result-empty-message"
  >
    
    No room search results...
  
  </div>
   
  <!---->
   
  <!---->
   
  <!---->
   
  <h2
    class="search-body-title"
  >
    
    Chat messages
    
    <!---->
  </h2>
   
  <div
    class="search-result-empty-message"
  >
    
    No message search results...
  
  </div>
</div>
`;

exports[`search-body room search room results matches snapshot 1`] = `
<div
  class="search-body-root"
>
  <h2
    class="search-body-title"
  >
    Search
  </h2>
   
  <div
    class="search-input-wrapper"
  >
    <input
      class="search-input"
      placeholder="What are you looking for?"
    />
  </div>
   
  <ul
    class="syntax-list"
  >
    <li
      class="syntax-list-item"
    >
      <code>
        from:username
      </code>
    </li>
     
    <li
      class="syntax-list-item"
    >
      <code>
        text:@username
      </code>
    </li>
     
    <li
      class="syntax-list-item"
    >
      <code>
        sent:[2020-06-08 TO 2020-06-09]
      </code>
    </li>
     
    <li
      class="syntax-list-item"
    >
      <code>
        sent:[2020-06-09T16:17-03:00 TO 2020-06-09T16:21-03:00]
      </code>
    </li>
     
    <li
      class="syntax-list-item"
    >
      <code>
        text:@(username1 OR username2)
      </code>
       
      <br />
       
      <code>
        text:@(username1 AND username2)
      </code>
    </li>
  </ul>
   
  <h2
    class="search-body-title"
  >
    
    Rooms & People
    
    <!---->
  </h2>
   
  <ul
    class="room-search-list"
  >
    <list-item-stub
      item="[object Object]"
      type="all"
    />
    <list-item-stub
      item="[object Object]"
      type="all"
    />
  </ul>
   
  <!---->
   
  <!---->
   
  <!---->
   
  <h2
    class="search-body-title"
  >
    
    Chat messages
    
    <!---->
  </h2>
   
  <div
    class="search-result-empty-message"
  >
    
    No message search results...
  
  </div>
</div>
`;
